192.168.1.50 - alice [29/Mar/2026:14:05:23 +0000] "GET /dashboard HTTP/1.1" 200 14832 "https://app.example.com/login" "Mozilla/5.0 (Macintosh; Intel Mac OS X 10_15_7) AppleWebKit/537.36"
192.168.1.50 - alice [29/Mar/2026:14:05:24 +0000] "GET /api/v2/users/me HTTP/1.1" 200 1245 "https://app.example.com/dashboard" "Mozilla/5.0 (Macintosh; Intel Mac OS X 10_15_7) AppleWebKit/537.36"
10.0.0.88 - - [29/Mar/2026:14:05:25 +0000] "GET /api/v1/products?category=electronics HTTP/1.1" 200 48210 "-" "python-requests/2.28.0"
10.0.0.88 - - [29/Mar/2026:14:05:26 +0000] "GET /api/v1/products?category=electronics&page=2 HTTP/1.1" 200 47890 "-" "python-requests/2.28.0"
172.16.0.12 - - [29/Mar/2026:14:05:30 +0000] "GET /health HTTP/1.1" 200 15 "-" "kube-probe/1.28"
203.0.113.42 - - [29/Mar/2026:14:05:31 +0000] "POST /api/v2/orders HTTP/1.1" 201 892 "https://app.example.com/cart" "Mozilla/5.0 (Windows NT 10.0; Win64; x64) AppleWebKit/537.36"
203.0.113.42 - - [29/Mar/2026:14:05:32 +0000] "GET /api/v2/orders/8842 HTTP/1.1" 200 1456 "https://app.example.com/orders" "Mozilla/5.0 (Windows NT 10.0; Win64; x64) AppleWebKit/537.36"
198.51.100.7 - - [29/Mar/2026:14:05:35 +0000] "GET /robots.txt HTTP/1.1" 200 124 "-" "Googlebot/2.1 (+http://www.google.com/bot.html)"
198.51.100.7 - - [29/Mar/2026:14:05:36 +0000] "GET /sitemap.xml HTTP/1.1" 200 28456 "-" "Googlebot/2.1 (+http://www.google.com/bot.html)"
10.0.0.88 - - [29/Mar/2026:14:05:40 +0000] "GET /api/v1/products?category=clothing HTTP/1.1" 200 52100 "-" "python-requests/2.28.0"
192.168.1.50 - alice [29/Mar/2026:14:05:45 +0000] "PUT /api/v2/users/me/preferences HTTP/1.1" 200 340 "https://app.example.com/settings" "Mozilla/5.0 (Macintosh; Intel Mac OS X 10_15_7) AppleWebKit/537.36"
45.33.22.11 - - [29/Mar/2026:14:06:00 +0000] "POST /login HTTP/1.1" 401 89 "https://app.example.com/login" "Mozilla/5.0 (X11; Linux x86_64; rv:109.0) Gecko/20100101 Firefox/115.0"
45.33.22.11 - - [29/Mar/2026:14:06:02 +0000] "POST /login HTTP/1.1" 401 89 "https://app.example.com/login" "Mozilla/5.0 (X11; Linux x86_64; rv:109.0) Gecko/20100101 Firefox/115.0"
45.33.22.11 - - [29/Mar/2026:14:06:05 +0000] "POST /login HTTP/1.1" 429 42 "https://app.example.com/login" "Mozilla/5.0 (X11; Linux x86_64; rv:109.0) Gecko/20100101 Firefox/115.0"
172.16.0.12 - - [29/Mar/2026:14:06:10 +0000] "GET /health HTTP/1.1" 200 15 "-" "kube-probe/1.28"
203.0.113.42 - - [29/Mar/2026:14:06:15 +0000] "POST /api/v2/checkout HTTP/1.1" 502 218 "https://app.example.com/checkout" "Mozilla/5.0 (Windows NT 10.0; Win64; x64) AppleWebKit/537.36"
203.0.113.42 - - [29/Mar/2026:14:06:18 +0000] "POST /api/v2/checkout HTTP/1.1" 502 218 "https://app.example.com/checkout" "Mozilla/5.0 (Windows NT 10.0; Win64; x64) AppleWebKit/537.36"
192.168.1.50 - alice [29/Mar/2026:14:06:20 +0000] "GET /api/v2/invoices HTTP/1.1" 200 5678 "https://app.example.com/billing" "Mozilla/5.0 (Macintosh; Intel Mac OS X 10_15_7) AppleWebKit/537.36"
10.0.0.99 - bot [29/Mar/2026:14:06:25 +0000] "GET /api/v2/products/export?format=csv HTTP/1.1" 200 1048576 "-" "Apache-HttpClient/4.5.13"
192.168.1.50 - alice [29/Mar/2026:14:06:30 +0000] "GET /api/v2/reports/monthly HTTP/1.1" 200 23456 "https://app.example.com/reports" "Mozilla/5.0 (Macintosh; Intel Mac OS X 10_15_7) AppleWebKit/537.36"
45.33.22.11 - - [29/Mar/2026:14:06:35 +0000] "POST /login HTTP/1.1" 401 89 "https://app.example.com/login" "Mozilla/5.0 (X11; Linux x86_64; rv:109.0) Gecko/20100101 Firefox/115.0"
45.33.22.11 - - [29/Mar/2026:14:06:36 +0000] "POST /login HTTP/1.1" 429 42 "https://app.example.com/login" "Mozilla/5.0 (X11; Linux x86_64; rv:109.0) Gecko/20100101 Firefox/115.0"
192.168.2.10 - bob [29/Mar/2026:14:06:40 +0000] "GET /dashboard HTTP/1.1" 200 14832 "https://app.example.com/login" "Mozilla/5.0 (iPhone; CPU iPhone OS 17_0 like Mac OS X) AppleWebKit/605.1.15"
192.168.2.10 - bob [29/Mar/2026:14:06:42 +0000] "GET /api/v2/notifications HTTP/1.1" 200 4521 "https://app.example.com/dashboard" "Mozilla/5.0 (iPhone; CPU iPhone OS 17_0 like Mac OS X) AppleWebKit/605.1.15"
10.0.0.88 - - [29/Mar/2026:14:06:45 +0000] "DELETE /api/v1/cache/products HTTP/1.1" 204 0 "-" "python-requests/2.28.0"
172.16.0.12 - - [29/Mar/2026:14:07:00 +0000] "GET /health HTTP/1.1" 200 15 "-" "kube-probe/1.28"
192.168.1.50 - alice [29/Mar/2026:14:07:05 +0000] "POST /api/v2/invoices/8843/preview HTTP/1.1" 500 324 "https://app.example.com/invoices/8843" "Mozilla/5.0 (Macintosh; Intel Mac OS X 10_15_7) AppleWebKit/537.36"
192.168.1.50 - alice [29/Mar/2026:14:07:06 +0000] "POST /api/v2/invoices/8843/preview HTTP/1.1" 500 324 "https://app.example.com/invoices/8843" "Mozilla/5.0 (Macintosh; Intel Mac OS X 10_15_7) AppleWebKit/537.36"
203.0.113.42 - - [29/Mar/2026:14:07:10 +0000] "POST /api/v2/checkout HTTP/1.1" 200 1892 "https://app.example.com/checkout" "Mozilla/5.0 (Windows NT 10.0; Win64; x64) AppleWebKit/537.36"
192.168.2.10 - bob [29/Mar/2026:14:07:15 +0000] "GET /api/v2/orders HTTP/1.1" 200 12340 "https://app.example.com/orders" "Mozilla/5.0 (iPhone; CPU iPhone OS 17_0 like Mac OS X) AppleWebKit/605.1.15"
10.0.0.88 - - [29/Mar/2026:14:07:20 +0000] "GET /api/v1/products?category=home HTTP/1.1" 200 38900 "-" "python-requests/2.28.0"
172.16.0.5 - admin [29/Mar/2026:14:07:25 +0000] "GET /admin/telescope HTTP/1.1" 200 9876 "https://app.example.com/admin" "Mozilla/5.0 (Macintosh; Intel Mac OS X 10_15_7) AppleWebKit/537.36"
172.16.0.5 - admin [29/Mar/2026:14:07:26 +0000] "GET /admin/horizon HTTP/1.1" 200 8765 "https://app.example.com/admin" "Mozilla/5.0 (Macintosh; Intel Mac OS X 10_15_7) AppleWebKit/537.36"
198.51.100.7 - - [29/Mar/2026:14:07:30 +0000] "GET /products/electronics HTTP/1.1" 301 0 "-" "Googlebot/2.1 (+http://www.google.com/bot.html)"
198.51.100.7 - - [29/Mar/2026:14:07:31 +0000] "GET /products/electronics/ HTTP/1.1" 200 34567 "-" "Googlebot/2.1 (+http://www.google.com/bot.html)"
192.168.1.50 - alice [29/Mar/2026:14:07:45 +0000] "POST /api/v2/files/upload HTTP/1.1" 200 234 "https://app.example.com/documents" "Mozilla/5.0 (Macintosh; Intel Mac OS X 10_15_7) AppleWebKit/537.36"
10.0.0.88 - - [29/Mar/2026:14:08:00 +0000] "GET /api/v1/search?q=wireless+headphones HTTP/1.1" 503 156 "-" "python-requests/2.28.0"
10.0.0.88 - - [29/Mar/2026:14:08:05 +0000] "GET /api/v1/search?q=wireless+headphones HTTP/1.1" 200 28900 "-" "python-requests/2.28.0"
172.16.0.12 - - [29/Mar/2026:14:08:10 +0000] "GET /health HTTP/1.1" 200 15 "-" "kube-probe/1.28"
192.168.2.10 - bob [29/Mar/2026:14:08:15 +0000] "PATCH /api/v2/users/me HTTP/1.1" 200 567 "https://app.example.com/profile" "Mozilla/5.0 (iPhone; CPU iPhone OS 17_0 like Mac OS X) AppleWebKit/605.1.15"
203.0.113.42 - - [29/Mar/2026:14:08:20 +0000] "GET /api/v2/orders/8842/tracking HTTP/1.1" 200 456 "https://app.example.com/orders/8842" "Mozilla/5.0 (Windows NT 10.0; Win64; x64) AppleWebKit/537.36"
192.168.1.50 - alice [29/Mar/2026:14:08:30 +0000] "GET /api/v2/analytics/overview HTTP/1.1" 200 7890 "https://app.example.com/analytics" "Mozilla/5.0 (Macintosh; Intel Mac OS X 10_15_7) AppleWebKit/537.36"
172.16.0.5 - admin [29/Mar/2026:14:08:45 +0000] "POST /admin/cache/flush HTTP/1.1" 200 45 "https://app.example.com/admin" "Mozilla/5.0 (Macintosh; Intel Mac OS X 10_15_7) AppleWebKit/537.36"
192.168.1.50 - alice [29/Mar/2026:14:09:00 +0000] "GET /logout HTTP/1.1" 302 0 "https://app.example.com/dashboard" "Mozilla/5.0 (Macintosh; Intel Mac OS X 10_15_7) AppleWebKit/537.36"
